h:\my\c-code\space-war\space-war\x64\release\vc145.pdb
h:\my\c-code\space-war\space-war\x64\release\glad.obj
h:\my\c-code\space-war\space-war\x64\release\main.obj
h:\my\c-code\space-war\space-war\x64\release\game.obj
h:\my\c-code\space-war\x64\release\space-war.exe
h:\my\c-code\space-war\x64\release\space-war.pdb
h:\my\c-code\space-war\space-war\x64\release\space-war.res
h:\my\c-code\space-war\space-war\x64\release\space-war.ipdb
h:\my\c-code\space-war\space-war\x64\release\space-war.iobj
h:\my\c-code\space-war\space-war\x64\release\vc143.pdb
h:\my\c-code\space-war\space-war\x64\release\space-war.tlog\cl.command.1.tlog
h:\my\c-code\space-war\space-war\x64\release\space-war.tlog\cl.items.tlog
h:\my\c-code\space-war\space-war\x64\release\space-war.tlog\cl.read.1.tlog
h:\my\c-code\space-war\space-war\x64\release\space-war.tlog\cl.write.1.tlog
h:\my\c-code\space-war\space-war\x64\release\space-war.tlog\link.command.1.tlog
h:\my\c-code\space-war\space-war\x64\release\space-war.tlog\link.read.1.tlog
h:\my\c-code\space-war\space-war\x64\release\space-war.tlog\link.secondary.1.tlog
h:\my\c-code\space-war\space-war\x64\release\space-war.tlog\link.write.1.tlog
h:\my\c-code\space-war\space-war\x64\release\space-war.tlog\rc.command.1.tlog
h:\my\c-code\space-war\space-war\x64\release\space-war.tlog\rc.read.1.tlog
h:\my\c-code\space-war\space-war\x64\release\space-war.tlog\rc.write.1.tlog
