  Game.cpp
H:\my\C-code\Space-War\Space-War\src\include\spdlog\common.h(46,9): warning C4005: “SPDLOG_HEADER_ONLY”: 宏重定义
  (编译源文件“src/Game.cpp”)
      H:\my\C-code\Space-War\Space-War\src\include\spdlog\common.h(46,9):
      之前在命令行上声明的“SPDLOG_HEADER_ONLY”
  
C:\Program Files (x86)\Windows Kits\10\Include\10.0.26100.0\shared\minwindef.h(130,9): warning C4005: “APIENTRY”: 宏重定义
  (编译源文件“src/Game.cpp”)
      H:\my\C-code\Space-War\Space-War\src\include\glad.h(32,9):
      参见“APIENTRY”的前一个定义
  
  main.cpp
H:\my\C-code\Space-War\Space-War\src\include\spdlog\common.h(46,9): warning C4005: “SPDLOG_HEADER_ONLY”: 宏重定义
  (编译源文件“src/main.cpp”)
      H:\my\C-code\Space-War\Space-War\src\include\spdlog\common.h(46,9):
      之前在命令行上声明的“SPDLOG_HEADER_ONLY”
  
C:\Program Files (x86)\Windows Kits\10\Include\10.0.26100.0\shared\minwindef.h(130,9): warning C4005: “APIENTRY”: 宏重定义
  (编译源文件“src/main.cpp”)
      H:\my\C-code\Space-War\Space-War\src\include\glad.h(32,9):
      参见“APIENTRY”的前一个定义
  
soil2-debug.lib(SOIL2.obj) : warning LNK4075: 忽略“/EDITANDCONTINUE”(由于“/OPT:ICF”规范)
LINK : warning LNK4098: 默认库“MSVCRTD”与其他库的使用冲突；请使用 /NODEFAULTLIB:library
  正在生成代码
  3 of 4085 functions (<0.1%) were compiled, the rest were copied from previous compilation.
    0 functions were new in current compilation
    3 functions had inline decision re-evaluated but remain unchanged
  已完成代码的生成
soil2-debug.lib(SOIL2.obj) : warning LNK4099: 未找到 PDB“soil2-debug.pdb”(使用“soil2-debug.lib(SOIL2.obj)”或在“H:\my\C-code\Space-War\x64\Release\soil2-debug.pdb”中寻找)；正在链接对象，如同没有调试信息一样
soil2-debug.lib(image_DXT.obj) : warning LNK4099: 未找到 PDB“soil2-debug.pdb”(使用“soil2-debug.lib(image_DXT.obj)”或在“H:\my\C-code\Space-War\x64\Release\soil2-debug.pdb”中寻找)；正在链接对象，如同没有调试信息一样
soil2-debug.lib(wfETC.obj) : warning LNK4099: 未找到 PDB“soil2-debug.pdb”(使用“soil2-debug.lib(wfETC.obj)”或在“H:\my\C-code\Space-War\x64\Release\soil2-debug.pdb”中寻找)；正在链接对象，如同没有调试信息一样
soil2-debug.lib(image_helper.obj) : warning LNK4099: 未找到 PDB“soil2-debug.pdb”(使用“soil2-debug.lib(image_helper.obj)”或在“H:\my\C-code\Space-War\x64\Release\soil2-debug.pdb”中寻找)；正在链接对象，如同没有调试信息一样
  Space-War.vcxproj -> H:\my\C-code\Space-War\x64\Release\Space-War.exe
